valgrind --leak-check=full --show-leak-kinds=all --track-origins=yes --track-fds=yes --suppressions=ignore_readline.supp --tra
ce-children=yes ./minishell

EXIT

minishell> exit

open file descriptors (check valgrind)


minishell> exit 1
open file descriptors (check valgrind)

minishell> exit | COMMAND
valgrind still reachable

PIPE

ls | jgwgjege
will not return the good status code
%%%%%%%%%%%%%%%%%%%%%

~REDIRECTS~
Test  64: ❌ cat <"1""2""3""4""5" 
mini exit code =
bash exit code = 1

Test  65: ❌ echo <"./test_files/infile" <missing <"./test_files/infile" 
mini exit code = 0
bash exit code = 1

Test  66: ❌ echo <missing <"./test_files/infile" <missing 
mini exit code = 0
bash exit code = 1
mini error = ( No such file or directory No such file or directory)
bash error = ( No such file or directory)

XXXXXXXXXXXXXXXXXXXXXXXXXXXXXXXXXXXXXXXXXXXXXXXXXXXXXXXXXX
PARSING TOKENIZING
export """
segfaults

"" 
invalid read of size 1

ls ""
should output a error message

export "" -> should output not a valid identifier, same for unset ""

echo || ls -> we should output a error message and quit as we don't do bonuses

minishell> mkdir a
minishell> cd a
minishell> rm -rf ../a
puis cd ou pwd par exemple

echo bonjour |;ls -> segfault

echo |;
then
ls

ls will output nothing
$EMPTY 
$EMPTY echo hi 

$PWD 

minishell> echo "Permission" > /root/test_permission.txt
Permission
//EXPECTED : 
yacode@DESKTOP-SRM6L10:~/minishell$ echo "Permission" > /root/test_permission.txt
bash: /root/test_permission.txt: Permission denied

$PATH
/randomstuff outputs no such file or directory

echo bonjour >hey >>hey2 >>hey3

minishell> echo "This is a test
Error: Unmatched quotes
//WE DONT WANT TO LEAVE MINISHELL IN THIS CASE

./minishell                                                               134 ↵ ──(Sat,Mar09)─┘
minishell> /bin/ls
double free or corruption (fasttop)
[1]    36900 IOT instruction  ./minishell

./minishell in minishell => "double free or corruption (fasttop)"

bad tokenizing redirection
Exemple : 
minishell> ls>file1.txt
value = ls>file1.txt
type = -1

cat | ls => ^M

cat | ls JUST DOES LS, SHOULD ALSO OPEN THE INTERACTION MODE FOR CAT
=> "interactive command" WITH AT LEAST ONE PIPE

echo |  SHOULD SYNTAX ERROR 

incorrect command followed by at least one pipe and at least one existing command, this relaunches readline too early.
I managed to fix this by using sleep() but the function is forbidden (I commented), so I need to find another alternative
case of error : zefze | ls

tout les builtins + | vont consider | comme un argument

minishell> YANIS=2
Element = YANIS=2
Type = 2
minishell> "BONJOUR=2"
Element = BONJOUR=2
Type = 2

a="ls -l file"
$a

echo \

NE PAS GERER
yacode@DESKTOP-SRM6L10:~/minishell$ env ls
Makefile  cases.txt  inc  libft  minishell  obj  src
yacode@DESKTOP-SRM6L10:~/minishell$ env pwd
/home/yacode/minishell

bash
yacode@DESKTOP-SRM6L10:~/minishell$ exit 9223372036854775807
exit
└─(11:36:56 on master ✹ ✭)──> bash
yacode@DESKTOP-SRM6L10:~/minishell$ exit 9223372036854775808
exit
bash: exit: 9223372036854775808: numeric argument required


env + args => print env when it should display an error message

pressing enter with no input will cause a segfault


minishell> exit ""
exit
minishell: exit: "": numeric argument required

NEED TO FREE BEFORE EXIT FOR STILL RECHEABLE
